exports[`Localhoste request actions flow > Send, duplicate, replay, edit, delete request #0`] = `
<div data-role="no-logs">
  <p class="text-lg mb-2">ğŸ˜³</p>
  <p class="mb-2">
    There are currently no logs<br /><button
      data-role="show-demo-curl"
      type="button"
      class="ant-btn ant-btn-link"
    >
      <span>Send a request</span>
    </button>
  </p>
</div>
`;
